[2022-11-25T09:59:02.382+0400][0.009s] CardTable entry size: 512
[2022-11-25T09:59:02.382+0400][0.009s] Using G1
[2022-11-25T09:59:02.529+0400][0.156s] Version: 18.0.2.1+1-1 (release)
[2022-11-25T09:59:02.529+0400][0.156s] CPUs: 8 total, 8 available
[2022-11-25T09:59:02.529+0400][0.156s] Memory: 7991M
[2022-11-25T09:59:02.529+0400][0.156s] Large Page Support: Disabled
[2022-11-25T09:59:02.529+0400][0.156s] NUMA Support: Disabled
[2022-11-25T09:59:02.529+0400][0.156s] Compressed Oops: Enabled (32-bit)
[2022-11-25T09:59:02.529+0400][0.156s] Heap Region Size: 1M
[2022-11-25T09:59:02.529+0400][0.156s] Heap Min Capacity: 512M
[2022-11-25T09:59:02.529+0400][0.156s] Heap Initial Capacity: 512M
[2022-11-25T09:59:02.529+0400][0.156s] Heap Max Capacity: 512M
[2022-11-25T09:59:02.530+0400][0.156s] Pre-touch: Enabled
[2022-11-25T09:59:02.530+0400][0.156s] Parallel Workers: 8
[2022-11-25T09:59:02.530+0400][0.156s] Concurrent Workers: 2
[2022-11-25T09:59:02.530+0400][0.156s] Concurrent Refinement Workers: 8
[2022-11-25T09:59:02.530+0400][0.156s] Periodic GC: Disabled
[2022-11-25T09:59:02.531+0400][0.157s] CDS archive(s) mapped at: [0x0000000800000000-0x0000000800ba0000-0x0000000800ba0000), size 12189696, SharedBaseAddress: 0x0000000800000000, ArchiveRelocationMode: 0.
[2022-11-25T09:59:02.531+0400][0.157s] Compressed class space mapped at: 0x0000000800c00000-0x0000000840c00000, reserved size: 1073741824
[2022-11-25T09:59:02.531+0400][0.157s] Narrow klass base: 0x0000000800000000, Narrow klass shift: 0, Narrow klass range: 0x100000000
[2022-11-25T09:59:05.011+0400][2.638s] GC(0) Pause Young (Normal) (G1 Evacuation Pause)
[2022-11-25T09:59:05.013+0400][2.640s] GC(0) Using 8 workers of 8 for evacuation
[2022-11-25T09:59:05.017+0400][2.643s] GC(0)   Pre Evacuate Collection Set: 0.0ms
[2022-11-25T09:59:05.017+0400][2.643s] GC(0)   Merge Heap Roots: 0.2ms
[2022-11-25T09:59:05.017+0400][2.643s] GC(0)   Evacuate Collection Set: 2.2ms
[2022-11-25T09:59:05.017+0400][2.643s] GC(0)   Post Evacuate Collection Set: 0.7ms
[2022-11-25T09:59:05.017+0400][2.644s] GC(0)   Other: 0.8ms
[2022-11-25T09:59:05.017+0400][2.644s] GC(0) Eden regions: 29->0(40)
[2022-11-25T09:59:05.017+0400][2.644s] GC(0) Survivor regions: 0->4(4)
[2022-11-25T09:59:05.017+0400][2.644s] GC(0) Old regions: 0->1
[2022-11-25T09:59:05.017+0400][2.644s] GC(0) Archive regions: 0->0
[2022-11-25T09:59:05.017+0400][2.644s] GC(0) Humongous regions: 0->0
[2022-11-25T09:59:05.017+0400][2.644s] GC(0) Metaspace: 9443K(9664K)->9443K(9664K) NonClass: 8376K(8512K)->8376K(8512K) Class: 1067K(1152K)->1067K(1152K)
[2022-11-25T09:59:05.017+0400][2.644s] GC(0) Pause Young (Normal) (G1 Evacuation Pause) 29M->4M(512M) 5.492ms
[2022-11-25T09:59:05.017+0400][2.644s] GC(0) User=0.00s Sys=0.00s Real=0.01s
[2022-11-25T09:59:05.585+0400][3.212s] GC(1) Pause Young (Normal) (G1 Evacuation Pause)
[2022-11-25T09:59:05.585+0400][3.212s] GC(1) Using 8 workers of 8 for evacuation
[2022-11-25T09:59:05.592+0400][3.219s] GC(1)   Pre Evacuate Collection Set: 0.0ms
[2022-11-25T09:59:05.592+0400][3.219s] GC(1)   Merge Heap Roots: 0.0ms
[2022-11-25T09:59:05.592+0400][3.219s] GC(1)   Evacuate Collection Set: 5.7ms
[2022-11-25T09:59:05.592+0400][3.219s] GC(1)   Post Evacuate Collection Set: 0.5ms
[2022-11-25T09:59:05.592+0400][3.219s] GC(1)   Other: 0.1ms
[2022-11-25T09:59:05.592+0400][3.219s] GC(1) Eden regions: 39->0(76)
[2022-11-25T09:59:05.592+0400][3.219s] GC(1) Survivor regions: 4->6(6)
[2022-11-25T09:59:05.592+0400][3.219s] GC(1) Old regions: 1->9
[2022-11-25T09:59:05.592+0400][3.219s] GC(1) Archive regions: 0->0
[2022-11-25T09:59:05.592+0400][3.219s] GC(1) Humongous regions: 4->4
[2022-11-25T09:59:05.592+0400][3.219s] GC(1) Metaspace: 16347K(16704K)->16347K(16704K) NonClass: 14468K(14656K)->14468K(14656K) Class: 1879K(2048K)->1879K(2048K)
[2022-11-25T09:59:05.592+0400][3.219s] GC(1) Pause Young (Normal) (G1 Evacuation Pause) 47M->18M(512M) 6.474ms
[2022-11-25T09:59:05.592+0400][3.219s] GC(1) User=0.00s Sys=0.00s Real=0.01s
[2022-11-25T09:59:05.937+0400][3.564s] GC(2) Pause Young (Normal) (G1 Evacuation Pause)
[2022-11-25T09:59:05.937+0400][3.564s] GC(2) Using 8 workers of 8 for evacuation
[2022-11-25T09:59:05.941+0400][3.567s] GC(2)   Pre Evacuate Collection Set: 0.1ms
[2022-11-25T09:59:05.941+0400][3.567s] GC(2)   Merge Heap Roots: 0.1ms
[2022-11-25T09:59:05.941+0400][3.567s] GC(2)   Evacuate Collection Set: 2.3ms
[2022-11-25T09:59:05.941+0400][3.567s] GC(2)   Post Evacuate Collection Set: 0.7ms
[2022-11-25T09:59:05.941+0400][3.567s] GC(2)   Other: 0.1ms
[2022-11-25T09:59:05.941+0400][3.567s] GC(2) Eden regions: 76->0(302)
[2022-11-25T09:59:05.941+0400][3.567s] GC(2) Survivor regions: 6->5(11)
[2022-11-25T09:59:05.941+0400][3.567s] GC(2) Old regions: 9->15
[2022-11-25T09:59:05.941+0400][3.567s] GC(2) Archive regions: 0->0
[2022-11-25T09:59:05.941+0400][3.567s] GC(2) Humongous regions: 4->4
[2022-11-25T09:59:05.941+0400][3.567s] GC(2) Metaspace: 19790K(20224K)->19790K(20224K) NonClass: 17551K(17792K)->17551K(17792K) Class: 2239K(2432K)->2239K(2432K)
[2022-11-25T09:59:05.941+0400][3.567s] GC(2) Pause Young (Normal) (G1 Evacuation Pause) 94M->22M(512M) 3.548ms
[2022-11-25T09:59:05.941+0400][3.567s] GC(2) User=0.00s Sys=0.00s Real=0.00s
[2022-11-25T09:59:05.996+0400][3.623s] GC(3) Pause Young (Concurrent Start) (Metadata GC Threshold)
[2022-11-25T09:59:05.996+0400][3.623s] GC(3) Using 8 workers of 8 for evacuation
[2022-11-25T09:59:05.999+0400][3.625s] GC(3)   Pre Evacuate Collection Set: 0.6ms
[2022-11-25T09:59:05.999+0400][3.625s] GC(3)   Merge Heap Roots: 0.1ms
[2022-11-25T09:59:05.999+0400][3.625s] GC(3)   Evacuate Collection Set: 0.8ms
[2022-11-25T09:59:05.999+0400][3.625s] GC(3)   Post Evacuate Collection Set: 0.7ms
[2022-11-25T09:59:05.999+0400][3.625s] GC(3)   Other: -0.0ms
[2022-11-25T09:59:05.999+0400][3.625s] GC(3) Eden regions: 10->0(302)
[2022-11-25T09:59:05.999+0400][3.625s] GC(3) Survivor regions: 5->5(39)
[2022-11-25T09:59:05.999+0400][3.625s] GC(3) Old regions: 15->15
[2022-11-25T09:59:05.999+0400][3.625s] GC(3) Archive regions: 0->0
[2022-11-25T09:59:05.999+0400][3.625s] GC(3) Humongous regions: 4->4
[2022-11-25T09:59:05.999+0400][3.625s] GC(3) Metaspace: 21131K(21504K)->21131K(21504K) NonClass: 18785K(18944K)->18785K(18944K) Class: 2346K(2560K)->2346K(2560K)
[2022-11-25T09:59:05.999+0400][3.625s] GC(3) Pause Young (Concurrent Start) (Metadata GC Threshold) 32M->22M(512M) 2.290ms
[2022-11-25T09:59:05.999+0400][3.625s] GC(3) User=0.00s Sys=0.00s Real=0.00s
[2022-11-25T09:59:05.999+0400][3.625s] GC(4) Concurrent Mark Cycle
[2022-11-25T09:59:05.999+0400][3.625s] GC(4) Concurrent Clear Claimed Marks
[2022-11-25T09:59:05.999+0400][3.625s] GC(4) Concurrent Clear Claimed Marks 0.019ms
[2022-11-25T09:59:05.999+0400][3.625s] GC(4) Concurrent Scan Root Regions
[2022-11-25T09:59:06.000+0400][3.626s] GC(4) Concurrent Scan Root Regions 0.696ms
[2022-11-25T09:59:06.000+0400][3.626s] GC(4) Concurrent Mark
[2022-11-25T09:59:06.000+0400][3.626s] GC(4) Concurrent Mark From Roots
[2022-11-25T09:59:06.000+0400][3.626s] GC(4) Using 2 workers of 2 for marking
[2022-11-25T09:59:06.011+0400][3.638s] GC(4) Concurrent Mark From Roots 11.789ms
[2022-11-25T09:59:06.011+0400][3.638s] GC(4) Concurrent Preclean
[2022-11-25T09:59:06.011+0400][3.638s] GC(4) Concurrent Preclean 0.054ms
[2022-11-25T09:59:06.011+0400][3.638s] GC(4) Pause Remark
[2022-11-25T09:59:06.012+0400][3.639s] GC(4) Pause Remark 25M->25M(512M) 1.281ms
[2022-11-25T09:59:06.012+0400][3.639s] GC(4) User=0.00s Sys=0.00s Real=0.00s
[2022-11-25T09:59:06.012+0400][3.639s] GC(4) Concurrent Mark 13.324ms
[2022-11-25T09:59:06.012+0400][3.639s] GC(4) Concurrent Rebuild Remembered Sets
[2022-11-25T09:59:06.019+0400][3.645s] GC(4) Concurrent Rebuild Remembered Sets 5.847ms
[2022-11-25T09:59:06.019+0400][3.645s] GC(4) Pause Cleanup
[2022-11-25T09:59:06.019+0400][3.646s] GC(4) Pause Cleanup 26M->26M(512M) 0.159ms
[2022-11-25T09:59:06.019+0400][3.646s] GC(4) User=0.00s Sys=0.00s Real=0.00s
[2022-11-25T09:59:06.019+0400][3.646s] GC(4) Concurrent Cleanup for Next Mark
[2022-11-25T09:59:06.019+0400][3.646s] GC(4) Concurrent Cleanup for Next Mark 0.379ms
[2022-11-25T09:59:06.019+0400][3.646s] GC(4) Concurrent Mark Cycle 20.854ms
[2022-11-25T10:01:46.683+0400][164.309s] Heap
[2022-11-25T10:01:46.683+0400][164.309s]  garbage-first heap   total 524288K, used 245671K [0x00000000e0000000, 0x0000000100000000)
[2022-11-25T10:01:46.683+0400][164.309s]   region size 1024K, 222 young (227328K), 5 survivors (5120K)
[2022-11-25T10:01:46.683+0400][164.309s]  Metaspace       used 33848K, committed 34240K, reserved 1114112K
[2022-11-25T10:01:46.683+0400][164.309s]   class space    used 3861K, committed 4032K, reserved 1048576K
